../Core/Src/main.c:78:5:__io_putchar	24	static
../Core/Src/main.c:89:5:main	8	static
../Core/Src/main.c:163:6:SystemClock_Config	88	static
../Core/Src/main.c:214:6:HAL_TIM_PeriodElapsedCallback	16	static
../Core/Src/main.c:221:6:HAL_TIM_IC_CaptureCallback	16	static
../Core/Src/main.c:228:6:HAL_UART_RxCpltCallback	16	static
../Core/Src/main.c:235:13:_delay_tick	16	static,ignoring_inline_asm
../Core/Src/main.c:242:6:DelayUs	16	static
../Core/Src/main.c:247:6:DelayMs	16	static
../Core/Src/main.c:258:6:Error_Handler	4	static,ignoring_inline_asm
