../Core/Src/main.c:74:5:__io_putchar	24	static
../Core/Src/main.c:85:5:main	8	static
../Core/Src/main.c:145:6:SystemClock_Config	88	static
../Core/Src/main.c:198:6:HAL_TIM_PeriodElapsedCallback	16	static
../Core/Src/main.c:205:6:HAL_TIM_IC_CaptureCallback	16	static
../Core/Src/main.c:212:6:HAL_UART_RxCpltCallback	16	static
../Core/Src/main.c:220:13:_delay_tick	16	static,ignoring_inline_asm
../Core/Src/main.c:227:6:DelayUs	16	static
../Core/Src/main.c:232:6:DelayMs	16	static
../Core/Src/main.c:243:6:Error_Handler	4	static,ignoring_inline_asm
